// Jest Snapshot v1, https://goo.gl/fbAQLP

exports[`constants: SALE_TYPE should match the snapshot 1`] = `
Object {
  "CARD": "card",
  "CASH": "cash",
}
`;
